Microchip MPLAB XC8 Compiler V2.32

Linker command line:

-W-3 --edf=C:\Program Files\Microchip\xc8\v2.32\pic\dat\en_msgs.txt -cn \
  -h+dist/default/production\IOT_GSM_BASIC.X.production.sym \
  --cmf=dist/default/production\IOT_GSM_BASIC.X.production.cmf -z -Q18F4550 \
  -oC:\Users\MRTECH~1\AppData\Local\Temp\xcAs21g.4 --defsym=__MPLAB_BUILD=1 \
  -Mdist/default/production/IOT_GSM_BASIC.X.production.map -E1 \
  -ver=XC8 Compiler --acfsm=1493 -ASTACK=0100h-07FFh -pstack=STACK \
  -ACODE=00h-07FFFh -ACONST=00h-07FFFh -ASMALLCONST=0800h-08FFhx120 \
  -AMEDIUMCONST=0800h-07FFFh -ACOMRAM=01h-05Fh -AABS1=00h-07FFh \
  -ABIGRAM=01h-07FFh -ARAM=060h-0FFh,0100h-01FFhx7 -ABANK0=060h-0FFh \
  -ABANK1=0100h-01FFh -ABANK2=0200h-02FFh -ABANK3=0300h-03FFh \
  -ABANK4=0400h-04FFh -ABANK5=0500h-05FFh -ABANK6=0600h-06FFh \
  -ABANK7=0700h-07FFh -ASFR=0F60h-0FFFh -ACONFIG=0300000h-030000Dh \
  -AIDLOC=0200000h-0200007h -AEEDATA=0F00000h-0F000FFh -peeprom_data=EEDATA \
  -preset_vec=00h,intcode=08h,intcodelo,powerup,init -pramtop=0800h \
  -psmallconst=SMALLCONST -pmediumconst=MEDIUMCONST -pconst=CONST \
  -AFARRAM=00h-00h \
  -prdata=COMRAM,nvrram=COMRAM,nvbit=COMRAM,rbss=COMRAM,rbit=COMRAM \
  -pfarbss=FARRAM,fardata=FARRAM,nvFARRAM=FARRAM \
  -pintsave_regs=BIGRAM,bigbss=BIGRAM,bigdata=BIGRAM -pbss=RAM \
  -pidata=CODE,irdata=CODE,ibigdata=CODE,ifardata=CODE -prparam=COMRAM \
  C:\Users\MRTECH~1\AppData\Local\Temp\xcAs21g.o \
  dist/default/production\IOT_GSM_BASIC.X.production.o 

Object code version is 3.11

Machine type is 18F4550



                Name                               Link     Load   Length Selector   Space Scale
C:\Users\MRTECH~1\AppData\Local\Temp\xcAs21g.o
                config                           300000   300000        E        0       4
                init                                  E        E        4        4       0
                reset_vec                             0        0        4        0       0
dist/default/production\IOT_GSM_BASIC.X.production.o
                intcode                               8        8        6        4       0
                config                           300000   300000        E        0       4
                temp                                 45       45        1        1       1
                mediumconst                        7E86     7E86      17A     3F43       0
                intcode_body                        BBA      BBA       50        4       0
                text7                                12       12      4C0        4       0
                text6                               4D2      4D2      39A        4       0
                text5                               A20      A20      106        4       0
                text4                               86C      86C      1B4        4       0
                text3                               B26      B26       94        4       0
                text2                               C0A      C0A       4A        4       0
                text1                               C96      C96       26        4       0
                text0                               C54      C54       42        4       0
                cstackCOMRAM                          1        1       41        1       1
                bssBANK0                             60       60       A0       60       1
                bssCOMRAM                            42       42        3        1       1
                cinit                               CBC      CBC       20        4       0

TOTAL           Name                               Link     Load   Length     Space
        CLASS   STACK          

        CLASS   CODE           
                intcode                               8        8        6         0
                init                                  E        E        4         0
                reset_vec                             0        0        4         0
                intcode_body                        BBA      BBA       50         0
                text7                                12       12      4C0         0
                text6                               4D2      4D2      39A         0
                text5                               A20      A20      106         0
                text4                               86C      86C      1B4         0
                text3                               B26      B26       94         0
                text2                               C0A      C0A       4A         0
                text1                               C96      C96       26         0
                text0                               C54      C54       42         0
                cinit                               CBC      CBC       20         0

        CLASS   CONST          

        CLASS   SMALLCONST     

        CLASS   MEDIUMCONST    
                mediumconst                        7E86     7E86      17A         0

        CLASS   COMRAM         
                temp                                 45       45        1         1
                cstackCOMRAM                          1        1       41         1
                bssCOMRAM                            42       42        3         1

        CLASS   ABS1           

        CLASS   BIGRAM         

        CLASS   RAM            

        CLASS   BANK0          
                bssBANK0                             60       60       A0         1

        CLASS   BANK1          

        CLASS   BANK2          

        CLASS   BANK3          

        CLASS   BANK4          

        CLASS   BANK5          

        CLASS   BANK6          

        CLASS   BANK7          

        CLASS   SFR            

        CLASS   CONFIG         
                config                           300000   300000        E         4

        CLASS   IDLOC          

        CLASS   EEDATA         

        CLASS   FARRAM         



SEGMENTS        Name                           Load    Length   Top    Selector   Space  Class

                reset_vec                      000000  000004  000004         0       0  CODE    
                cstackCOMRAM                   000001  000045  000046         1       1  COMRAM  
                intcode                        000008  000CD4  000CDC         4       0  CODE    
                bssBANK0                       000060  0000A0  000100        60       1  BANK0   
                mediumconst                    007E86  00017A  008000      3F43       0  MEDIUMCO


UNUSED ADDRESS RANGES

        Name                Unused          Largest block    Delta
        BANK1            000100-0001FF              100
        BANK2            000200-0002FF              100
        BANK3            000300-0003FF              100
        BANK4            000400-0004FF              100
        BANK5            000500-0005FF              100
        BANK6            000600-0006FF              100
        BANK7            000700-0007FF              100
        BIGRAM           000046-00005F               1A
                         000100-0007FF              700
        CODE             000004-000007                4
                         000CDC-007E85             71AA
        COMRAM           000046-00005F               1A
        CONST            000004-000007                4
                         000CDC-007E85             71AA
        EEDATA           F00000-F000FF              100
        IDLOC            200000-200007                8
        MEDIUMCONST      000CDC-007E85             71AA
        RAM              000100-0007FF              100
        SFR              000F60-000FFF               A0
        SMALLCONST       000CDC-007E85              100
        STACK            000100-0007FF              700

                                  Symbol Table

?___fladd                  cstackCOMRAM 00002A
?___fldiv                  cstackCOMRAM 000011
?___fltol                  cstackCOMRAM 000003
?___xxtofl                 cstackCOMRAM 000003
MSdelay@i                  cstackCOMRAM 000005
MSdelay@j                  cstackCOMRAM 000007
MSdelay@val                cstackCOMRAM 000003
USART_Init@baud_rate       cstackCOMRAM 00003A
USART_Init@temp            cstackCOMRAM 00003E
_ADCON0                    (abs)        000FC2
_ADCON0bits                (abs)        000FC2
_ADCON1                    (abs)        000FC1
_ADCON2                    (abs)        000FC0
_ADON                      (abs)        007E10
_ADRESH                    (abs)        000FC4
_ADRESL                    (abs)        000FC3
_CREN                      (abs)        007D5C
_GO                        (abs)        007E11
_INTCONbits                (abs)        000FF2
_ISR                       intcode      000008
_MSdelay                   text2        000C0A
_OSCCON                    (abs)        000FD3
_PIE1bits                  (abs)        000F9D
_PORTDbits                 (abs)        000F83
_RCIF                      (abs)        007CF5
_RCREG                     (abs)        000FAE
_RCSTA                     (abs)        000FAB
_RCSTAbits                 (abs)        000FAB
_SPBRG                     (abs)        000FAF
_TRISA                     (abs)        000F92
_TRISC0                    (abs)        007CA0
_TRISC1                    (abs)        007CA1
_TRISC6                    (abs)        007CA6
_TRISC7                    (abs)        007CA7
_TRISD                     (abs)        000F95
_TXIF                      (abs)        007CF4
_TXREG                     (abs)        000FAD
_TXSTA                     (abs)        000FAC
_USART_Init                text3        000B26
__HRAM                     (abs)        000000
__Habs1                    abs1         000000
__Hbank0                   bank0        000000
__Hbank1                   bank1        000000
__Hbank2                   bank2        000000
__Hbank3                   bank3        000000
__Hbank4                   bank4        000000
__Hbank5                   bank5        000000
__Hbank6                   bank6        000000
__Hbank7                   bank7        000000
__Hbigbss                  bigbss       000000
__Hbigdata                 bigdata      000000
__Hbigram                  bigram       000000
__Hbss                     bss          000000
__HbssBANK0                bssBANK0     000000
__HbssCOMRAM               bssCOMRAM    000000
__Hcinit                   cinit        000000
__Hclrtext                 clrtext      000000
__Hcomram                  comram       000000
__Hconfig                  config       30000E
__Hconst                   const        000000
__HcstackCOMRAM            cstackCOMRAM 000000
__Hdata                    data         000000
__Heeprom_data             eeprom_data  000000
__Hfarbss                  farbss       000000
__Hfardata                 fardata      000000
__Hibigdata                ibigdata     000000
__Hidata                   idata        000000
__Hidloc                   idloc        000000
__Hifardata                ifardata     000000
__Hinit                    init         000012
__Hintcode                 intcode      00000E
__Hintcode_body            intcode_body 000000
__Hintcodelo               intcodelo    00000E
__Hintentry                intentry     000000
__Hintret                  intret       000000
__Hintsave_regs            intsave_regs 000000
__Hirdata                  irdata       000000
__Hmediumconst             mediumconst  008000
__HnvFARRAM                nvFARRAM     000000
__Hnvbit                   nvbit        000000
__Hnvrram                  nvrram       000000
__Hparam                   rparam       000000
__Hpowerup                 powerup      00000E
__Hram                     ram          000000
__Hramtop                  ramtop       000800
__Hrbit                    rbit         000000
__Hrbss                    rbss         000000
__Hrdata                   rdata        000000
__Hreset_vec               reset_vec    000004
__Hrparam                  rparam       000000
__Hsfr                     sfr          000000
__Hsmallconst              smallconst   000000
__Hspace_0                 (abs)        008000
__Hspace_1                 (abs)        000100
__Hspace_2                 (abs)        000000
__Hspace_4                 (abs)        60000E
__Hstack                   stack        000000
__Hstruct                  struct       000000
__Htemp                    temp         000046
__Htext                    text         000000
__Htext0                   text0        000000
__Htext1                   text1        000000
__Htext2                   text2        000000
__Htext3                   text3        000000
__Htext4                   text4        000000
__Htext5                   text5        000000
__Htext6                   text6        000000
__Htext7                   text7        000000
__LRAM                     (abs)        000001
__Labs1                    abs1         000000
__Lbank0                   bank0        000000
__Lbank1                   bank1        000000
__Lbank2                   bank2        000000
__Lbank3                   bank3        000000
__Lbank4                   bank4        000000
__Lbank5                   bank5        000000
__Lbank6                   bank6        000000
__Lbank7                   bank7        000000
__Lbigbss                  bigbss       000000
__Lbigdata                 bigdata      000000
__Lbigram                  bigram       000000
__Lbss                     bss          000000
__LbssBANK0                bssBANK0     000000
__LbssCOMRAM               bssCOMRAM    000000
__Lcinit                   cinit        000000
__Lclrtext                 clrtext      000000
__Lcomram                  comram       000000
__Lconfig                  config       000000
__Lconst                   const        000000
__LcstackCOMRAM            cstackCOMRAM 000000
__Ldata                    data         000000
__Leeprom_data             eeprom_data  000000
__Lfarbss                  farbss       000000
__Lfardata                 fardata      000000
__Libigdata                ibigdata     000000
__Lidata                   idata        000000
__Lidloc                   idloc        000000
__Lifardata                ifardata     000000
__Linit                    init         00000E
__Lintcode                 intcode      000008
__Lintcode_body            intcode_body 000000
__Lintcodelo               intcodelo    00000E
__Lintentry                intentry     000000
__Lintret                  intret       000000
__Lintsave_regs            intsave_regs 000000
__Lirdata                  irdata       000000
__Lmediumconst             mediumconst  007E86
__LnvFARRAM                nvFARRAM     000000
__Lnvbit                   nvbit        000000
__Lnvrram                  nvrram       000000
__Lparam                   rparam       000000
__Lpowerup                 powerup      00000E
__Lram                     ram          000000
__Lramtop                  ramtop       000800
__Lrbit                    rbit         000000
__Lrbss                    rbss         000000
__Lrdata                   rdata        000000
__Lreset_vec               reset_vec    000000
__Lrparam                  rparam       000000
__Lsfr                     sfr          000000
__Lsmallconst              smallconst   000000
__Lspace_0                 (abs)        000000
__Lspace_1                 (abs)        000000
__Lspace_2                 (abs)        000000
__Lspace_4                 (abs)        000000
__Lstack                   stack        000000
__Lstruct                  struct       000000
__Ltemp                    temp         000045
__Ltext                    text         000000
__Ltext0                   text0        000000
__Ltext1                   text1        000000
__Ltext2                   text2        000000
__Ltext3                   text3        000000
__Ltext4                   text4        000000
__Ltext5                   text5        000000
__Ltext6                   text6        000000
__Ltext7                   text7        000000
__S0                       (abs)        008000
__S1                       (abs)        000100
__S2                       (abs)        000000
__S4                       (abs)        000000
__S5                       (abs)        000000
___fladd                   text7        000012
___fladd@a                 cstackCOMRAM 00002E
___fladd@aexp              cstackCOMRAM 000037
___fladd@b                 cstackCOMRAM 00002A
___fladd@bexp              cstackCOMRAM 000038
___fladd@grs               cstackCOMRAM 000039
___fladd@signs             cstackCOMRAM 000036
___fldiv                   text6        0004D2
___fldiv@a                 cstackCOMRAM 000015
___fldiv@aexp              cstackCOMRAM 000029
___fldiv@b                 cstackCOMRAM 000011
___fldiv@bexp              cstackCOMRAM 000028
___fldiv@grs               cstackCOMRAM 000024
___fldiv@new_exp           cstackCOMRAM 000022
___fldiv@rem               cstackCOMRAM 00001D
___fldiv@sign              cstackCOMRAM 000021
___fltol                   text5        000A20
___fltol@exp1              cstackCOMRAM 00000C
___fltol@f1                cstackCOMRAM 000003
___fltol@sign1             cstackCOMRAM 00000B
___inthi_sp                stack        000000
___intlo_sp                stack        000000
___param_bank              (abs)        000000
___rparam_used             (abs)        000001
___sp                      stack        000000
___xxtofl                  text4        00086C
___xxtofl@arg              cstackCOMRAM 00000D
___xxtofl@exp              cstackCOMRAM 00000C
___xxtofl@sign             cstackCOMRAM 00000B
___xxtofl@val              cstackCOMRAM 000003
__accesstop                (abs)        000060
__activetblptr             (abs)        000002
__end_of_ISR               intcode_body 000C0A
__end_of_MSdelay           text2        000C54
__end_of_USART_Init        text3        000BBA
__end_of___fladd           text7        0004D2
__end_of___fldiv           text6        00086C
__end_of___fltol           text5        000B26
__end_of___xxtofl          text4        000A20
__end_of__initialization   cinit        000CCE
__end_of_display_sequence  text1        000CBC
__end_of_main              text0        000C96
__initialization           cinit        000CBC
__mediumconst              mediumconst  007E86
__pbssBANK0                bssBANK0     000060
__pbssCOMRAM               bssCOMRAM    000042
__pcinit                   cinit        000CBC
__pcstackCOMRAM            cstackCOMRAM 000001
__pintcode                 intcode      000008
__pintcode_body            intcode_body 000BBA
__pmediumconst             mediumconst  007E86
__ptext0                   text0        000C54
__ptext1                   text1        000C96
__ptext2                   text2        000C0A
__ptext3                   text3        000B26
__ptext4                   text4        00086C
__ptext5                   text5        000A20
__ptext6                   text6        0004D2
__ptext7                   text7        000012
__ramtop                   ramtop       000800
__size_of_ISR              (abs)        000000
__size_of_MSdelay          (abs)        000000
__size_of_USART_Init       (abs)        000000
__size_of___fladd          (abs)        000000
__size_of___fldiv          (abs)        000000
__size_of___fltol          (abs)        000000
__size_of___xxtofl         (abs)        000000
__size_of_display_sequence (abs)        000000
__size_of_main             (abs)        000000
__smallconst               smallconst   000000
_a                         bssCOMRAM    000042
_buff                      bssBANK0     000060
_display_sequence          text1        000C96
_main                      text0        000C54
_status_flag               bssCOMRAM    000044
btemp                      temp         000045
end_of_initialization      cinit        000CCE
int$flags                  temp         000045
int_func                   intcode_body 000BBA
intlevel0                  text         000000
intlevel1                  text         000000
intlevel2                  text         000000
intlevel3                  text         000000
isa$std                    (abs)        000001
isa$xinst                  (abs)        000000
stackhi                    (abs)        0007FF
stacklo                    (abs)        000100
start                      init         00000E
start_initialization       cinit        000CBC
ttemp5                     temp         000046
ttemp6                     temp         000049
ttemp7                     temp         00004D
wtemp8                     temp         000046


MODULE INFORMATION

Module		Function		Class		Link	Load	Size
C:\Program Files\Microchip\xc8\v2.32\pic\sources\c99\common\sprcadd.c
		___fladd       		CODE           	0012	0000	1216

C:\Program Files\Microchip\xc8\v2.32\pic\sources\c99\common\sprcadd.c estimated size: 1216

./USART_Source_File.c
		_MSdelay       		CODE           	0C0A	0000	74
		_USART_Init    		CODE           	0B26	0000	148

./USART_Source_File.c estimated size: 222

shared
		__initialization		CODE           	0CBC	0000	18

shared estimated size: 18

C:\Program Files\Microchip\xc8\v2.32\pic\sources\c99\common\sprcdiv.c
		___fldiv       		CODE           	04D2	0000	922

C:\Program Files\Microchip\xc8\v2.32\pic\sources\c99\common\sprcdiv.c estimated size: 922

C:\Program Files\Microchip\xc8\v2.32\pic\sources\c99\common\fltol.c
		___fltol       		CODE           	0A20	0000	262

C:\Program Files\Microchip\xc8\v2.32\pic\sources\c99\common\fltol.c estimated size: 262

C:\Program Files\Microchip\xc8\v2.32\pic\sources\c99\common\xxtofl.c
		___xxtofl      		CODE           	086C	0000	436

C:\Program Files\Microchip\xc8\v2.32\pic\sources\c99\common\xxtofl.c estimated size: 436

main.c
		_ISR           		CODE           	0008	0000	86
		_display_sequence		CODE           	0C96	0000	38
		_main          		CODE           	0C54	0000	66

main.c estimated size: 190

